=================================================================
  OLD vs NEW Engine Comparison
=================================================================
  Ticker: ^NSEI | Start: 2020-01-01 | R=500 | Offset=10

  Fetching ^NSEI from 2020-01-01 via yfinance...
  Loaded 1542 rows  (2020-01-01 to 2026-03-24)
  Metric                             OLD          NEW        Delta
  -------------------------------------------------------------
  total_trades                       162          162           +0
  win_rate                         26.54        25.93        -0.61
  profit_factor                     1.71         1.27        -0.44
  total_pnl_points                 30540      14915.7            ù
  expectancy_points                 94.2        45.97       -48.23
  max_drawdown_points              -6760      -9162.2            ù
  avg_days_held                     14.0         14.0         +0.0
  long_pnl                         26760      18655.6            ù
  short_pnl                         3780      -3739.9            ù

  DIVERGENT TRADES (entry/exit price changed):
  -------------------------------------------------------------
  Trade #4: LONG Entry 8510->8510  Exit 8490->8385.9501953125  PnL -20->-124.05
  Trade #5: SHORT Entry 8490->8385.9501953125  Exit 8510->8510  PnL -20->-124.05
  Trade #9: SHORT Entry 9490->9490  Exit 9510->9584.2001953125  PnL -20->-94.2
  Trade #10: LONG Entry 9510->9584.2001953125  Exit 8990->8990  PnL -520->-594.2
  Trade #13: SHORT Entry 9990->9990  Exit 10010->10014.7998046875  PnL -20->-24.8
  Trade #14: LONG Entry 10010->10014.7998046875  Exit 10990->10990  PnL 980->975.2
  Trade #15: SHORT Entry 10990->10990  Exit 11510->11513.099609375  PnL -520->-523.1
  Trade #16: LONG Entry 11510->11513.099609375  Exit 11490->11490  PnL -20->-23.1
  Trade #17: SHORT Entry 11490->11490  Exit 11510->11540.150390625  PnL -20->-50.15
  Trade #18: LONG Entry 11510->11540.150390625  Exit 11490->11490  PnL -20->-50.15
  Trade #25: SHORT Entry 14990->14990  Exit 15010->15079.849609375  PnL -20->-89.85
  Trade #26: LONG Entry 15010->15079.849609375  Exit 14990->14888.599609375  PnL -20->-191.25
  Trade #27: SHORT Entry 14990->14888.599609375  Exit 15010->15064.400390625  PnL -20->-175.8
  Trade #28: LONG Entry 15010->15064.400390625  Exit 14990->14990  PnL -20->-74.4
  Trade #29: SHORT Entry 14990->14990  Exit 14510->14526.7001953125  PnL 480->463.3
  ... (133 more trades not shown)

  Total divergent trades: 15 out of 162

=================================================================
